The target system is: Linux -  - loongson
The host system is: Linux - 5.15.0-139-generic - x86_64
Compiling the C compiler identification source file "CMakeCCompilerId.c" succeeded.
Compiler: /opt/ls_2k0300_env/loongson-gnu-toolchain-8.3-x86_64-loongarch64-linux-gnu-rc1.6/bin/loongarch64-linux-gnu-gcc 
Build flags: ;-O3;-Wall
Id flags:  

The output was:
0


Compilation of the C compiler identification source "CMakeCCompilerId.c" produced "a.out"

The C compiler identification is GNU, found in "/home/lost37/Desktop/temp/finalV3.0/project/out/CMakeFiles/3.16.3/CompilerIdC/a.out"

Compiling the CXX compiler identification source file "CMakeCXXCompilerId.cpp" succeeded.
Compiler: /opt/ls_2k0300_env/loongson-gnu-toolchain-8.3-x86_64-loongarch64-linux-gnu-rc1.6/bin/loongarch64-linux-gnu-g++ 
Build flags: ;-O3;-pthread;-Wall
Id flags:  

The output was:
0


Compilation of the CXX compiler identification source "CMakeCXXCompilerId.cpp" produced "a.out"

The CXX compiler identification is GNU, found in "/home/lost37/Desktop/temp/finalV3.0/project/out/CMakeFiles/3.16.3/CompilerIdCXX/a.out"

Determining if the C compiler works passed with the following output:
Change Dir: /home/lost37/Desktop/temp/finalV3.0/project/out/CMakeFiles/CMakeTmp

Run Build Command(s):/usr/bin/make cmTC_20a2c/fast && /usr/bin/make -f CMakeFiles/cmTC_20a2c.dir/build.make CMakeFiles/cmTC_20a2c.dir/build
make[1]: 进入目录“/mnt/hgfs/temp/finalV3.0/project/out/CMakeFiles/CMakeTmp”
Building C object CMakeFiles/cmTC_20a2c.dir/testCCompiler.c.o
/opt/ls_2k0300_env/loongson-gnu-toolchain-8.3-x86_64-loongarch64-linux-gnu-rc1.6/bin/loongarch64-linux-gnu-gcc   -O3 -Wall    -o CMakeFiles/cmTC_20a2c.dir/testCCompiler.c.o   -c /home/lost37/Desktop/temp/finalV3.0/project/out/CMakeFiles/CMakeTmp/testCCompiler.c
Linking C executable cmTC_20a2c
/usr/bin/cmake -E cmake_link_script CMakeFiles/cmTC_20a2c.dir/link.txt --verbose=1
/opt/ls_2k0300_env/loongson-gnu-toolchain-8.3-x86_64-loongarch64-linux-gnu-rc1.6/bin/loongarch64-linux-gnu-gcc  -O3 -Wall     CMakeFiles/cmTC_20a2c.dir/testCCompiler.c.o  -o cmTC_20a2c 
make[1]: 离开目录“/mnt/hgfs/temp/finalV3.0/project/out/CMakeFiles/CMakeTmp”



